// Jest Snapshot v1, https://goo.gl/fbAQLP

exports[`Test en GifGridItem should show the component correctly 1`] = `
<div
  className="card animate__animated animate__fadeIn"
>
  <p>
     
    Titulo de prueba
     
  </p>
  <img
    alt="Titulo de prueba"
    src="https://www.google.com"
  />
</div>
`;
